// Jest Snapshot v1, https://goo.gl/fbAQLP

exports[`Search Results Component rendered component should match the snapshot 1`] = `
<div
  className="search-results"
>
  <div
    className="left-side"
  >
    <div
      className="search-query"
    >
      <TextInput
        className="search-input"
        id=""
        name="search"
        onChange={[Function]}
        onKeyDown={[Function]}
        placeholder=""
        type="search"
        value="helloWorld"
      />
    </div>
    <div
      className="results"
      id="results-container"
    >
      <section
        className="active"
        id="articles"
      >
        <div
          className="loading-anim"
        >
          <BottomPopUp />
        </div>
      </section>
    </div>
  </div>
  <div
    className="right-side hide-sm"
  />
</div>
`;
